// Jest Snapshot v1, https://goo.gl/fbAQLP

exports[`Countires render Header Components 1`] = `[Function]`;

exports[`Country render Country Components 1`] = `[Function]`;
