// Jest Snapshot v1, https://goo.gl/fbAQLP

exports[`Countires render Countries Components 1`] = `[Function]`;

exports[`Countires render MainPage Components 1`] = `[Function]`;

exports[`MainPage render MainPage Components 1`] = `[Function]`;
